// =============================================================================
// Scilab ( https://www.scilab.org/ ) - This file is part of Scilab
// Copyright (C) 2008 - INRIA - Pierre MARECHAL <pierre.marechalinria.fr>
//
//  This file is distributed under the same license as the Scilab package.
// =============================================================================
// <-- TEST WITH GRAPHIC -->
exec("SCI/modules/graphics/tests/unit_tests/checkUpdatedPropertyValue.sci", -1);
// Test 1 : auto_resize = "on"
// ===========================
// Create a default figure
my_figure = scf();
clf(my_figure,"reset"); // Forces 'figure_size' _BUT NOT_ 'axes_size'
// Check that figure has the right size (default one)
checkUpdatedPropertyValue(my_figure, "figure_size", gdf().figure_size)
// Get default values
my_default_figure_size = my_figure.figure_size;
my_default_axes_size   = my_figure.axes_size;
// auto_resize = "on"
my_figure.auto_resize = "on";
my_figure.axes_size = my_default_axes_size + 200;
checkUpdatedPropertyValue(my_figure, "figure_size", my_default_figure_size + 200);
checkUpdatedPropertyValue(my_figure, "axes_size", my_default_axes_size + 200);
// Delete
delete(my_figure);
// Test 2 : auto_resize = "off"
// ============================
// Create a default figure
my_figure = scf();
clf(my_figure,"reset"); // Forces 'figure_size' _BUT NOT_ 'axes_size'
// Check that figure has the right size (default one)
checkUpdatedPropertyValue(my_figure, "figure_size", gdf().figure_size)
// Get default values
my_default_figure_size = my_figure.figure_size;
my_default_axes_size   = my_figure.axes_size;
// auto_resize = "on"
my_figure.auto_resize = "off";
my_figure.axes_size = my_default_axes_size + 200;
checkUpdatedPropertyValue(my_figure, "figure_size", my_default_figure_size);
checkUpdatedPropertyValue(my_figure, "axes_size", my_default_axes_size + 200);
// Delete
delete(my_figure);
